// Jest Snapshot v1, https://goo.gl/fbAQLP

exports[`<TextInput /> must be equals to it's snapshot 1`] = `
<input
  class="text-input"
  placeholder="type value"
  type="search"
  value=""
/>
`;
