// Jest Snapshot v1, https://goo.gl/fbAQLP

exports[`<PostGrid /> must match with snapshot 1`] = `
<div
  class="post-grid"
>
  <div
    class="post-card"
    data-testid="post-card"
  >
    <img
      alt="postcard 1"
      src="generic.png"
    />
    <div
      class="post-content"
    >
      <h4>
        postcard 1
      </h4>
      <p>
        hello 1
      </p>
    </div>
  </div>
  <div
    class="post-card"
    data-testid="post-card"
  >
    <img
      alt="postcard 2"
      src="generic.png"
    />
    <div
      class="post-content"
    >
      <h4>
        postcard 2
      </h4>
      <p>
        hello 2
      </p>
    </div>
  </div>
  <div
    class="post-card"
    data-testid="post-card"
  >
    <img
      alt="postcard 3"
      src="generic.png"
    />
    <div
      class="post-content"
    >
      <h4>
        postcard 3
      </h4>
      <p>
        hello 3
      </p>
    </div>
  </div>
</div>
`;
